opening SEDAR+ home …
  → Search SEDAR+: https://www.sedarplus.ca/home/#
  → Documents: https://www.sedarplus.ca/csa-party/viewInstance/view.html?id=0c11f8b7998bcd9604a2f0c4a053e
  on: https://www.sedarplus.ca/csa-party/viewInstance/view.html?id=0c11f8b7998bcd9604a2f0c4a053e
  filter category: Continuous disclosure
  filter type: Technical report
  filter subtype: Technical report (NI 43-101)
  submit Search: clicked
waiting for a results list… (if the browser is sitting on the SEDAR home or an empty search, click Search > Documents, filter to Technical report (NI 43-101), Search)
results detected: https://www.sedarplus.ca/csa-party/viewInstance/view.html?id=0c11f8b7998bcd9604a
page 1: 30 NI 43-101 report(s) on this page
page 2: 30 NI 43-101 report(s) on this page
page 3: 30 NI 43-101 report(s) on this page
page 4: 30 NI 43-101 report(s) on this page
  THROTTLED (HTTP 200, 13890B) 20260915-230054-535
session #1: +0 report(s) [throttled]  (total 0)
— session #2: fresh SEDAR search (prior session's download quota spent) —
opening SEDAR+ home …
  → Search SEDAR+: https://www.sedarplus.ca/home/#
  → Documents: http://validate.perfdrive.com/?ssa=9d5f9e2c-22a2-4605-bd73-9db30761295c&ssb=58110214034&ss
  on: http://validate.perfdrive.com/?ssa=9d5f9e2c-22a2-4605-bd73-9db30761295c&ssb=58110214034&ss
  filter category: Continuous disclosure
  filter type: Technical report
  filter subtype: Technical report (NI 43-101)
  submit Search: clicked
waiting for a results list… (if the browser is sitting on the SEDAR home or an empty search, click Search > Documents, filter to Technical report (NI 43-101), Search)
results detected: https://www.sedarplus.ca/csa-party/viewInstance/view.html?id=0c11f8b7998bcd96e0c
page 1: 30 NI 43-101 report(s) on this page
page 2: 30 NI 43-101 report(s) on this page
page 3: 30 NI 43-101 report(s) on this page
  ✓ GoldMining Inc. (16129 KB)  [1]
page 4: 30 NI 43-101 report(s) on this page
page 5: 30 NI 43-101 report(s) on this page
  THROTTLED (HTTP 200, 13892B) 20260915-230250-818
session #2: +1 report(s) [throttled]  (total 1)
— session #3: fresh SEDAR search (prior session's download quota spent) —
opening SEDAR+ home …
  → Search SEDAR+: https://www.sedarplus.ca/home/#
  → Documents: https://www.sedarplus.ca/csa-party/viewInstance/view.html?id=0c11f8b7998bcd96e0c82b784a2b4
  on: https://www.sedarplus.ca/csa-party/viewInstance/view.html?id=0c11f8b7998bcd96e0c82b784a2b4
  filter category: Continuous disclosure
  filter type: Technical report
  filter subtype: Technical report (NI 43-101)
  submit Search: clicked
waiting for a results list… (if the browser is sitting on the SEDAR home or an empty search, click Search > Documents, filter to Technical report (NI 43-101), Search)
results detected: https://www.sedarplus.ca/csa-party/viewInstance/view.html?id=0c11f8b7998bcd96e0c
page 1: 30 NI 43-101 report(s) on this page
page 2: 30 NI 43-101 report(s) on this page
page 3: 30 NI 43-101 report(s) on this page
page 4: 30 NI 43-101 report(s) on this page
  ✓ AbraSilver Resource Corp. (38138 KB)  [2]
  ✓ CoTec Holdings Corp. (8514 KB)  [3]
  ✓ AuQ Gold Mining Inc. (54587 KB)  [4]
session #3: +3 report(s) [limit]  (total 4)
collected 4 new report(s); ledger now 148 rows
