===== Fri 11 Sep 2026 07:53:26 CST push_now =====
 * branch            main       -> FETCH_HEAD
   862f3b0..8202a6c  main       -> origin/main
Rebasing (1/2)Rebasing (2/2)Successfully rebased and updated refs/heads/main.
To https://github.com/jaydeepdive/closeology.git
   8202a6c..4dc6da4  main -> main
PUSH_OK
BUILD_DISPATCH 204
===== Fri 11 Sep 2026 07:53:32 CST done =====
===== Fri 11 Sep 2026 09:36:09 CST push_now =====
 * branch            main       -> FETCH_HEAD
   4dc6da4..ef5197e  main       -> origin/main
Rebasing (1/1)Successfully rebased and updated refs/heads/main.
To https://github.com/jaydeepdive/closeology.git
   ef5197e..5a40941  main -> main
PUSH_OK
BUILD_DISPATCH 204
===== Fri 11 Sep 2026 09:36:14 CST done =====
===== Fri 11 Sep 2026 09:49:57 CST push_now =====
From https://github.com/jaydeepdive/closeology
 * branch            main       -> FETCH_HEAD
Current branch main is up to date.
To https://github.com/jaydeepdive/closeology.git
   5a40941..f761770  main -> main
PUSH_OK
BUILD_DISPATCH 204
DRILLBANK_DISPATCH 204
===== Fri 11 Sep 2026 09:50:02 CST done =====
===== Fri 11 Sep 2026 10:08:44 CST push_now =====
 * branch            main       -> FETCH_HEAD
   f761770..da0e281  main       -> origin/main
Rebasing (1/2)Rebasing (2/2)Successfully rebased and updated refs/heads/main.
To https://github.com/jaydeepdive/closeology.git
   da0e281..c2ea1c8  main -> main
PUSH_OK
BUILD_DISPATCH 204
DRILLBANK_DISPATCH 204
===== Fri 11 Sep 2026 10:08:50 CST done =====
===== Fri 11 Sep 2026 13:30:29 CST push_now =====
error: cannot pull with rebase: You have unstaged changes.
error: Please commit or stash them.
To https://github.com/jaydeepdive/closeology.git
 ! [rejected]        main -> main (fetch first)
error: failed to push some refs to 'https://github.com/jaydeepdive/closeology.git'
hint: Updates were rejected because the remote contains work that you do not
hint: have locally. This is usually caused by another repository pushing to
hint: the same ref. If you want to integrate the remote changes, use
hint: 'git pull' before pushing again.
hint: See the 'Note about fast-forwards' in 'git push --help' for details.
PUSH_FAIL
BUILD_DISPATCH 204
DRILLBANK_DISPATCH 204
===== Fri 11 Sep 2026 13:30:32 CST done =====
===== Fri 11 Sep 2026 13:32:02 CST push_now =====
error: cannot pull with rebase: You have unstaged changes.
error: Please commit or stash them.
To https://github.com/jaydeepdive/closeology.git
 ! [rejected]        main -> main (fetch first)
error: failed to push some refs to 'https://github.com/jaydeepdive/closeology.git'
hint: Updates were rejected because the remote contains work that you do not
hint: have locally. This is usually caused by another repository pushing to
hint: the same ref. If you want to integrate the remote changes, use
hint: 'git pull' before pushing again.
hint: See the 'Note about fast-forwards' in 'git push --help' for details.
push rejected (try 1) — retrying
error: cannot pull with rebase: You have unstaged changes.
error: Please commit or stash them.
To https://github.com/jaydeepdive/closeology.git
 ! [rejected]        main -> main (fetch first)
error: failed to push some refs to 'https://github.com/jaydeepdive/closeology.git'
hint: Updates were rejected because the remote contains work that you do not
hint: have locally. This is usually caused by another repository pushing to
hint: the same ref. If you want to integrate the remote changes, use
hint: 'git pull' before pushing again.
hint: See the 'Note about fast-forwards' in 'git push --help' for details.
push rejected (try 2) — retrying
error: cannot pull with rebase: You have unstaged changes.
error: Please commit or stash them.
To https://github.com/jaydeepdive/closeology.git
 ! [rejected]        main -> main (fetch first)
error: failed to push some refs to 'https://github.com/jaydeepdive/closeology.git'
hint: Updates were rejected because the remote contains work that you do not
hint: have locally. This is usually caused by another repository pushing to
hint: the same ref. If you want to integrate the remote changes, use
hint: 'git pull' before pushing again.
hint: See the 'Note about fast-forwards' in 'git push --help' for details.
push rejected (try 3) — retrying
error: cannot pull with rebase: You have unstaged changes.
error: Please commit or stash them.
To https://github.com/jaydeepdive/closeology.git
 ! [rejected]        main -> main (fetch first)
error: failed to push some refs to 'https://github.com/jaydeepdive/closeology.git'
hint: Updates were rejected because the remote contains work that you do not
hint: have locally. This is usually caused by another repository pushing to
hint: the same ref. If you want to integrate the remote changes, use
hint: 'git pull' before pushing again.
hint: See the 'Note about fast-forwards' in 'git push --help' for details.
push rejected (try 4) — retrying
error: cannot pull with rebase: You have unstaged changes.
error: Please commit or stash them.
To https://github.com/jaydeepdive/closeology.git
 ! [rejected]        main -> main (fetch first)
error: failed to push some refs to 'https://github.com/jaydeepdive/closeology.git'
hint: Updates were rejected because the remote contains work that you do not
hint: have locally. This is usually caused by another repository pushing to
hint: the same ref. If you want to integrate the remote changes, use
hint: 'git pull' before pushing again.
hint: See the 'Note about fast-forwards' in 'git push --help' for details.
push rejected (try 5) — retrying
error: cannot pull with rebase: You have unstaged changes.
error: Please commit or stash them.
To https://github.com/jaydeepdive/closeology.git
 ! [rejected]        main -> main (fetch first)
error: failed to push some refs to 'https://github.com/jaydeepdive/closeology.git'
hint: Updates were rejected because the remote contains work that you do not
hint: have locally. This is usually caused by another repository pushing to
hint: the same ref. If you want to integrate the remote changes, use
hint: 'git pull' before pushing again.
hint: See the 'Note about fast-forwards' in 'git push --help' for details.
push rejected (try 6) — retrying
PUSH_FAIL after retries
BUILD_DISPATCH 204
===== Fri 11 Sep 2026 13:32:25 CST done =====
===== Fri 11 Sep 2026 13:33:27 CST push_now =====
   8a8574a..4ecc3a5  main       -> origin/main
Rebasing (1/2)Rebasing (2/2)Successfully rebased and updated refs/heads/main.
To https://github.com/jaydeepdive/closeology.git
   4ecc3a5..9028360  main -> main
PUSH_OK (try 1)
BUILD_DISPATCH 204
===== Fri 11 Sep 2026 13:33:32 CST done =====
===== Fri 11 Sep 2026 13:52:24 CST push_now =====
   9028360..60cb963  main       -> origin/main
Rebasing (1/1)Successfully rebased and updated refs/heads/main.
To https://github.com/jaydeepdive/closeology.git
   60cb963..d54f0b1  main -> main
PUSH_OK (try 1)
BUILD_DISPATCH 204
===== Fri 11 Sep 2026 13:52:28 CST done =====
